
> portfolio@0.0.0 build
> vite build

[36mvite v8.0.0-beta.14 [32mbuilding client environment for production...[36m[39m
[2K
transforming...Γ£ô 54 modules transformed.
node.exe : [31mΓ£ù[39m Build failed in 139ms
At C:\nvm4w\nodejs\npm.ps1:29 char:3
+   & $NODE_EXE $NPM_CLI_JS $args
+   ~~~~~~~~~~~~~~~~~~~~~~~~~~~~~
    + CategoryInfo          : NotSpecified: ([31mΓ£ù[39m Build  
   failed in 139ms:String) [], RemoteException
    + FullyQualifiedErrorId : NativeCommandError
 
[31merror during build:
[31mBuild failed with 1 error:

[31m[UNRESOLVED_IMPORT] Error:[0m Could not resolve 
'../../hooks/useSound' in src/components/Notebook/TabNav.jsx
   [38;5;246mΓò¡[0m[38;5;246mΓöÇ[0m[38;5;246m[[0m 
src/components/Notebook/TabNav.jsx:2:26 [38;5;246m][0m
   [38;5;246mΓöé[0m
 [38;5;246m2 Γöé[0m [38;5;249mi[0m[38;5;249mm[0m[38;5;249mp
[0m[38;5;249mo[0m[38;5;249mr[0m[38;5;249mt[0m[38;5;249m 
[0m[38;5;249m{[0m[38;5;249m [0m[38;5;249mu[0m[38;5;249ms[
0m[38;5;249me[0m[38;5;249mS[0m[38;5;249mo[0m[38;5;249mu[0m
[38;5;249mn[0m[38;5;249md[0m[38;5;249m 
[0m[38;5;249m}[0m[38;5;249m [0m[38;5;249mf[0m[38;5;249mr[
0m[38;5;249mo[0m[38;5;249mm[0m[38;5;249m 
[0m"../../hooks/useSound"[38;5;249m;[0m
 [38;5;240m  Γöé[0m                          ΓöÇΓöÇΓöÇΓöÇΓöÇΓöÇΓ
öÇΓöÇΓöÇΓöÇΓöÇΓö¼ΓöÇΓöÇΓöÇΓöÇΓöÇΓöÇΓöÇΓöÇΓöÇΓöÇ  
 [38;5;240m  Γöé[0m                                     
Γò░ΓöÇΓöÇΓöÇΓöÇΓöÇΓöÇΓöÇΓöÇΓöÇΓöÇΓöÇΓöÇ Module not found.
 [38;5;240m  Γöé[0m 
 [38;5;240m  Γöé[0m [38;5;115mHelp[0m: 
'src/components/Notebook/TabNav.jsx' is imported by the following 
path:
 [38;5;240m  Γöé[0m         - src/components/Notebook/TabNav.jsx
 [38;5;240m  Γöé[0m         - 
src/components/Notebook/Notebook.jsx
 [38;5;240m  Γöé[0m         - src/App.jsx
 [38;5;240m  Γöé[0m         - src/main.jsx
 [38;5;240m  Γöé[0m         - index.html
[38;5;246mΓöÇΓöÇΓöÇΓò»[0m
[31m
    at aggregateBindingErrorsIntoJsError (file:///E:/PROJECTS/port
folio/node_modules/rolldown/dist/shared/error-DC8XkJKP.mjs:52:18)
    at unwrapBindingResult (file:///E:/PROJECTS/portfolio/node_mod
ules/rolldown/dist/shared/error-DC8XkJKP.mjs:22:128)
    at #build (file:///E:/PROJECTS/portfolio/node_modules/rolldown
/dist/shared/rolldown-build-CjERPB8v.mjs:3357:34)
    at async buildEnvironment (file:///E:/PROJECTS/portfolio/node_
modules/vite/dist/node/chunks/fetchableEnvironments.js:32746:64)
    at async Object.build (file:///E:/PROJECTS/portfolio/node_modu
les/vite/dist/node/chunks/fetchableEnvironments.js:33168:19)
    at async Object.buildApp (file:///E:/PROJECTS/portfolio/node_m
odules/vite/dist/node/chunks/fetchableEnvironments.js:33165:153)
    at async CAC.<anonymous> (file:///E:/PROJECTS/portfolio/node_m
odules/vite/dist/node/cli.js:641:3)[39m
